<h1>/foo/bar/baz</h1>

<iframe src="javascript:void(0)" />
