// Jest Snapshot v1, https://goo.gl/fbAQLP

exports[`SampleView should match snapshot 1`] = `
<div
  className="view-sample"
>
  Hello World
</div>
`;
