<html>
  <body>
    <h1>/custom.html</h1>
  </body>
</html>
