<h1>/foo/bar/baz</h1>

<a href="../../../">Crawl this</a>
