<h1>/foo/bar</h1>

<a href="./bar/baz">Crawl this</a>
