<html>
  <body>
    <h1>"DONT_INCLUDE_ME" is in locals: false</h1>
  </body>
</html>
