<html>
  <body>
    <h1>/foo/bar/custom.html</h1>
  </body>
</html>
