<h1>/foo/bar</h1>

<iframe src="javascript:void(0)" />
